Archive member included because of file (symbol)

/Users/owen/gcc-arm-none-eabi-4_8-2014q1/bin/../lib/gcc/arm-none-eabi/4.8.3/../../../../arm-none-eabi/lib/armv6-m/libstdc++_s.a(del_op.o)
                              ./src/OSC/OSCMessage.o (operator delete(void*))
/Users/owen/gcc-arm-none-eabi-4_8-2014q1/bin/../lib/gcc/arm-none-eabi/4.8.3/../../../../arm-none-eabi/lib/armv6-m/libstdc++_s.a(new_op.o)
                              ./src/OSC/OSCMessage.o (operator new(unsigned int))
/Users/owen/gcc-arm-none-eabi-4_8-2014q1/bin/../lib/gcc/arm-none-eabi/4.8.3/../../../../arm-none-eabi/lib/armv6-m/libstdc++_s.a(new_handler.o)
                              /Users/owen/gcc-arm-none-eabi-4_8-2014q1/bin/../lib/gcc/arm-none-eabi/4.8.3/../../../../arm-none-eabi/lib/armv6-m/libstdc++_s.a(new_op.o) (__new_handler)
/Users/owen/gcc-arm-none-eabi-4_8-2014q1/bin/../lib/gcc/arm-none-eabi/4.8.3/armv6-m/libgcc.a(_udivsi3.o)
                              ./system/src/stm32f0-stdperiph/stm32f0xx_rcc.o (__aeabi_uidiv)
/Users/owen/gcc-arm-none-eabi-4_8-2014q1/bin/../lib/gcc/arm-none-eabi/4.8.3/armv6-m/libgcc.a(_dvmd_tls.o)
                              /Users/owen/gcc-arm-none-eabi-4_8-2014q1/bin/../lib/gcc/arm-none-eabi/4.8.3/armv6-m/libgcc.a(_udivsi3.o) (__aeabi_idiv0)
/Users/owen/gcc-arm-none-eabi-4_8-2014q1/bin/../lib/gcc/arm-none-eabi/4.8.3/../../../../arm-none-eabi/lib/armv6-m/libg_s.a(lib_a-errno.o)
                              ./system/src/newlib/_sbrk.o (__errno)
/Users/owen/gcc-arm-none-eabi-4_8-2014q1/bin/../lib/gcc/arm-none-eabi/4.8.3/../../../../arm-none-eabi/lib/armv6-m/libg_s.a(lib_a-impure.o)
                              /Users/owen/gcc-arm-none-eabi-4_8-2014q1/bin/../lib/gcc/arm-none-eabi/4.8.3/../../../../arm-none-eabi/lib/armv6-m/libg_s.a(lib_a-errno.o) (_impure_ptr)
/Users/owen/gcc-arm-none-eabi-4_8-2014q1/bin/../lib/gcc/arm-none-eabi/4.8.3/../../../../arm-none-eabi/lib/armv6-m/libg_s.a(lib_a-malloc.o)
                              ./src/OSC/OSCData.o (malloc)
/Users/owen/gcc-arm-none-eabi-4_8-2014q1/bin/../lib/gcc/arm-none-eabi/4.8.3/../../../../arm-none-eabi/lib/armv6-m/libg_s.a(lib_a-memcpy-stub.o)
                              ./src/OSC/OSCData.o (memcpy)
/Users/owen/gcc-arm-none-eabi-4_8-2014q1/bin/../lib/gcc/arm-none-eabi/4.8.3/../../../../arm-none-eabi/lib/armv6-m/libg_s.a(lib_a-nano-freer.o)
                              /Users/owen/gcc-arm-none-eabi-4_8-2014q1/bin/../lib/gcc/arm-none-eabi/4.8.3/../../../../arm-none-eabi/lib/armv6-m/libg_s.a(lib_a-malloc.o) (_free_r)
/Users/owen/gcc-arm-none-eabi-4_8-2014q1/bin/../lib/gcc/arm-none-eabi/4.8.3/../../../../arm-none-eabi/lib/armv6-m/libg_s.a(lib_a-nano-mallocr.o)
                              /Users/owen/gcc-arm-none-eabi-4_8-2014q1/bin/../lib/gcc/arm-none-eabi/4.8.3/../../../../arm-none-eabi/lib/armv6-m/libg_s.a(lib_a-malloc.o) (_malloc_r)
/Users/owen/gcc-arm-none-eabi-4_8-2014q1/bin/../lib/gcc/arm-none-eabi/4.8.3/../../../../arm-none-eabi/lib/armv6-m/libg_s.a(lib_a-realloc.o)
                              ./src/OSC/OSCMessage.o (realloc)
/Users/owen/gcc-arm-none-eabi-4_8-2014q1/bin/../lib/gcc/arm-none-eabi/4.8.3/../../../../arm-none-eabi/lib/armv6-m/libg_s.a(lib_a-sbrkr.o)
                              /Users/owen/gcc-arm-none-eabi-4_8-2014q1/bin/../lib/gcc/arm-none-eabi/4.8.3/../../../../arm-none-eabi/lib/armv6-m/libg_s.a(lib_a-nano-mallocr.o) (_sbrk_r)
/Users/owen/gcc-arm-none-eabi-4_8-2014q1/bin/../lib/gcc/arm-none-eabi/4.8.3/../../../../arm-none-eabi/lib/armv6-m/libg_s.a(lib_a-strcmp.o)
                              ./src/OSC/OSCMatch.o (strcmp)
/Users/owen/gcc-arm-none-eabi-4_8-2014q1/bin/../lib/gcc/arm-none-eabi/4.8.3/../../../../arm-none-eabi/lib/armv6-m/libg_s.a(lib_a-strcpy.o)
                              ./src/OSC/OSCData.o (strcpy)
/Users/owen/gcc-arm-none-eabi-4_8-2014q1/bin/../lib/gcc/arm-none-eabi/4.8.3/../../../../arm-none-eabi/lib/armv6-m/libg_s.a(lib_a-strlen.o)
                              ./system/src/diag/Trace.o (strlen)
/Users/owen/gcc-arm-none-eabi-4_8-2014q1/bin/../lib/gcc/arm-none-eabi/4.8.3/../../../../arm-none-eabi/lib/armv6-m/libg_s.a(lib_a-strncmp.o)
                              ./src/OSC/OSCMatch.o (strncmp)
/Users/owen/gcc-arm-none-eabi-4_8-2014q1/bin/../lib/gcc/arm-none-eabi/4.8.3/../../../../arm-none-eabi/lib/armv6-m/libg_s.a(lib_a-strncpy.o)
                              ./src/OSC/OSCData.o (strncpy)
/Users/owen/gcc-arm-none-eabi-4_8-2014q1/bin/../lib/gcc/arm-none-eabi/4.8.3/../../../../arm-none-eabi/lib/armv6-m/libg_s.a(lib_a-vsnprintf.o)
                              ./system/src/diag/Trace.o (vsnprintf)
/Users/owen/gcc-arm-none-eabi-4_8-2014q1/bin/../lib/gcc/arm-none-eabi/4.8.3/../../../../arm-none-eabi/lib/armv6-m/libg_s.a(lib_a-nano-reallocr.o)
                              /Users/owen/gcc-arm-none-eabi-4_8-2014q1/bin/../lib/gcc/arm-none-eabi/4.8.3/../../../../arm-none-eabi/lib/armv6-m/libg_s.a(lib_a-realloc.o) (_realloc_r)
[...]
Memory Configuration

Name             Origin             Length             Attributes
RAM              0x0000000020000000 0x0000000000002000 xrw
CCMRAM           0x0000000000000000 0x0000000000000000 xrw
FLASH            0x0000000008000000 0x0000000000010000 xr
FLASHB1          0x0000000000000000 0x0000000000000000 xr
EXTMEMB0         0x0000000000000000 0x0000000000000000 xr
EXTMEMB1         0x0000000000000000 0x0000000000000000 xr
EXTMEMB2         0x0000000000000000 0x0000000000000000 xr
EXTMEMB3         0x0000000000000000 0x0000000000000000 xr
MEMORY_ARRAY     0x0000000000000000 0x0000000000000000 xrw
*default*        0x0000000000000000 0xffffffffffffffff

Linker script and memory map

LOAD ./system/src/stm32f0-stdperiph/stm32f0xx_gpio.o
LOAD ./system/src/stm32f0-stdperiph/stm32f0xx_misc.o
LOAD ./system/src/stm32f0-stdperiph/stm32f0xx_rcc.o
LOAD ./system/src/stm32f0-stdperiph/stm32f0xx_usart.o
LOAD ./system/src/newlib/_cxx.o
LOAD ./system/src/newlib/_exit.o
LOAD ./system/src/newlib/_sbrk.o
LOAD ./system/src/newlib/_startup.o
LOAD ./system/src/newlib/_syscalls.o
LOAD ./system/src/newlib/_write.o
LOAD ./system/src/newlib/assert.o
LOAD ./system/src/diag/Trace.o
LOAD ./system/src/diag/trace_impl.o
LOAD ./system/src/cortexm/_initialize_hardware.o
LOAD ./system/src/cortexm/_reset_hardware.o
LOAD ./system/src/cortexm/exception_handlers.o
LOAD ./system/src/cmsis/system_stm32f0xx.o
LOAD ./system/src/cmsis/vectors_stm32f0xx.o
LOAD ./src/OSC/OSCData.o
LOAD ./src/OSC/OSCMatch.o
LOAD ./src/OSC/OSCMessage.o
LOAD ./src/OSC/OSCTiming.o
LOAD ./src/OSC/SLIPEncodedSerial.o
LOAD ./src/BlinkLed.o
LOAD ./src/Timer.o
LOAD ./src/main.o
LOAD ./src/uart.o
LOAD /Users/owen/gcc-arm-none-eabi-4_8-2014q1/bin/../lib/gcc/arm-none-eabi/4.8.3/../../../../arm-none-eabi/lib/armv6-m/libstdc++_s.a
LOAD /Users/owen/gcc-arm-none-eabi-4_8-2014q1/bin/../lib/gcc/arm-none-eabi/4.8.3/../../../../arm-none-eabi/lib/armv6-m/libm.a
START GROUP
LOAD /Users/owen/gcc-arm-none-eabi-4_8-2014q1/bin/../lib/gcc/arm-none-eabi/4.8.3/armv6-m/libgcc.a
LOAD /Users/owen/gcc-arm-none-eabi-4_8-2014q1/bin/../lib/gcc/arm-none-eabi/4.8.3/../../../../arm-none-eabi/lib/armv6-m/libg_s.a
LOAD /Users/owen/gcc-arm-none-eabi-4_8-2014q1/bin/../lib/gcc/arm-none-eabi/4.8.3/../../../../arm-none-eabi/lib/armv6-m/libc_s.a
END GROUP
START GROUP
LOAD /Users/owen/gcc-arm-none-eabi-4_8-2014q1/bin/../lib/gcc/arm-none-eabi/4.8.3/armv6-m/libgcc.a
LOAD /Users/owen/gcc-arm-none-eabi-4_8-2014q1/bin/../lib/gcc/arm-none-eabi/4.8.3/../../../../arm-none-eabi/lib/armv6-m/libc_s.a
END GROUP
                0x0000000020002000                __stack = (ORIGIN (RAM) + 0x2000)
                0x0000000020002000                _estack = __stack
                0x0000000000000400                __Main_Stack_Size = 0x400
                0x0000000000000400                PROVIDE (_Main_Stack_Size, __Main_Stack_Size)
                0x0000000020001c00                __Main_Stack_Limit = (__stack - __Main_Stack_Size)
                0x0000000020001c00                PROVIDE (_Main_Stack_Limit, __Main_Stack_Limit)
                0x0000000000000100                _Minimum_Stack_Size = 0x100
                0x0000000020000174                PROVIDE (_Heap_Begin, _end_noinit)
                0x0000000020001c00                PROVIDE (_Heap_Limit, (__stack - __Main_Stack_Size))

.isr_vector     0x0000000008000000      0x1f4
                0x0000000008000000                . = ALIGN (0x4)
 *(.isr_vector)
 .isr_vector    0x0000000008000000       0xc4 ./system/src/cmsis/vectors_stm32f0xx.o
                0x0000000008000000                g_pfnVectors
 *(.cfmconfig)
 *(.after_vectors .after_vectors.*)
 .after_vectors
                0x00000000080000c4      0x110 ./system/src/newlib/_startup.o
                0x00000000080000c4                _start
 .after_vectors
                0x00000000080001d4       0x1c ./system/src/cortexm/exception_handlers.o
                0x00000000080001d4                Reset_Handler
                0x00000000080001dc                NMI_Handler
                0x00000000080001e0                HardFault_Handler
                0x00000000080001e4                SVC_Handler
                0x00000000080001e8                PendSV_Handler
 .after_vectors
                0x00000000080001f0        0x4 ./system/src/cmsis/vectors_stm32f0xx.o
                0x00000000080001f0                TIM1_BRK_UP_TRG_COM_IRQHandler
                0x00000000080001f0                TSC_IRQHandler
                0x00000000080001f0                ADC1_COMP_IRQHandler
                0x00000000080001f0                PVD_IRQHandler
                0x00000000080001f0                I2C1_IRQHandler
                0x00000000080001f0                RCC_CRS_IRQHandler
                0x00000000080001f0                SPI1_IRQHandler
                0x00000000080001f0                TIM6_DAC_IRQHandler
                0x00000000080001f0                USART3_4_IRQHandler
                0x00000000080001f0                EXTI2_3_IRQHandler
                0x00000000080001f0                ADC1_IRQHandler
                0x00000000080001f0                I2C2_IRQHandler
                0x00000000080001f0                TIM17_IRQHandler
                0x00000000080001f0                CEC_CAN_IRQHandler
                0x00000000080001f0                RTC_IRQHandler
                0x00000000080001f0                PVD_VDDIO2_IRQHandler
                0x00000000080001f0                DMA1_Channel4_5_6_7_IRQHandler
                0x00000000080001f0                TIM16_IRQHandler
                0x00000000080001f0                TIM3_IRQHandler
                0x00000000080001f0                EXTI4_15_IRQHandler
                0x00000000080001f0                RCC_IRQHandler
                0x00000000080001f0                DMA1_Channel1_IRQHandler
                0x00000000080001f0                Default_Handler
                0x00000000080001f0                CEC_IRQHandler
                0x00000000080001f0                TIM14_IRQHandler
                0x00000000080001f0                DMA1_Channel4_5_IRQHandler
                0x00000000080001f0                TIM7_IRQHandler
                0x00000000080001f0                TIM15_IRQHandler
                0x00000000080001f0                EXTI0_1_IRQHandler
                0x00000000080001f0                USB_IRQHandler
                0x00000000080001f0                SPI2_IRQHandler
                0x00000000080001f0                TS_IRQHandler
                0x00000000080001f0                WWDG_IRQHandler
                0x00000000080001f0                TIM2_IRQHandler
                0x00000000080001f0                DMA1_Channel2_3_IRQHandler
                0x00000000080001f0                FLASH_IRQHandler
                0x00000000080001f0                USART1_IRQHandler
                0x00000000080001f0                TIM1_CC_IRQHandler
                0x00000000080001f4                . = ALIGN (0x4)

.inits          0x00000000080001f4        0x4
                0x00000000080001f4                . = ALIGN (0x4)
 *(.init)
 *(.fini)
                0x00000000080001f4                . = ALIGN (0x4)
                0x00000000080001f4                PROVIDE (__preinit_array_start, .)
 *(.preinit_array_sysinit .preinit_array_sysinit.*)
 *(.preinit_array_platform .preinit_array_platform.*)
 *(.preinit_array .preinit_array.*)
                0x00000000080001f4                PROVIDE (__preinit_array_end, .)
                0x00000000080001f4                . = ALIGN (0x4)
                0x00000000080001f4                PROVIDE (__init_array_start, .)
 *(SORT(.init_array.*))
 *(.init_array)
 .init_array    0x00000000080001f4        0x4 ./src/main.o
                0x00000000080001f8                PROVIDE (__init_array_end, .)
                0x00000000080001f8                . = ALIGN (0x4)
                0x00000000080001f8                PROVIDE (__fini_array_start, .)
 *(SORT(.fini_array.*))
 *(.fini_array)
                0x00000000080001f8                PROVIDE (__fini_array_end, .)
                0x00000000080001f8                . = ALIGN (0x4)

.flashtext      0x00000000080001f8        0x0
                0x00000000080001f8                . = ALIGN (0x4)
 *(.flashtext .flashtext.*)
                0x00000000080001f8                . = ALIGN (0x4)

.text           0x00000000080001f8     0x2c69
                0x00000000080001f8                . = ALIGN (0x4)
 *(.text .text.*)
 .text.GPIO_Init
                0x00000000080001f8      0x11c ./system/src/stm32f0-stdperiph/stm32f0xx_gpio.o
                0x00000000080001f8                GPIO_Init
 .text.GPIO_SetBits
                0x0000000008000314       0x60 ./system/src/stm32f0-stdperiph/stm32f0xx_gpio.o
                0x0000000008000314                GPIO_SetBits
 .text.GPIO_ResetBits
                0x0000000008000374       0x60 ./system/src/stm32f0-stdperiph/stm32f0xx_gpio.o
                0x0000000008000374                GPIO_ResetBits
 .text.GPIO_PinAFConfig
                0x00000000080003d4       0x94 ./system/src/stm32f0-stdperiph/stm32f0xx_gpio.o
                0x00000000080003d4                GPIO_PinAFConfig
 .text.NVIC_Init
                0x0000000008000468       0x7c ./system/src/stm32f0-stdperiph/stm32f0xx_misc.o
                0x0000000008000468                NVIC_Init
 .text.RCC_GetClocksFreq
                0x00000000080004e4      0x19c ./system/src/stm32f0-stdperiph/stm32f0xx_rcc.o
                0x00000000080004e4                RCC_GetClocksFreq
 .text.RCC_AHBPeriphClockCmd
                0x0000000008000680       0x50 ./system/src/stm32f0-stdperiph/stm32f0xx_rcc.o
                0x0000000008000680                RCC_AHBPeriphClockCmd
 .text.RCC_APB1PeriphClockCmd
                0x00000000080006d0       0x50 ./system/src/stm32f0-stdperiph/stm32f0xx_rcc.o
                0x00000000080006d0                RCC_APB1PeriphClockCmd
 .text.USART_Init
                0x0000000008000720      0x1ac ./system/src/stm32f0-stdperiph/stm32f0xx_usart.o
                0x0000000008000720                USART_Init
 .text.USART_Cmd
                0x00000000080008cc       0x64 ./system/src/stm32f0-stdperiph/stm32f0xx_usart.o
                0x00000000080008cc                USART_Cmd
 .text.USART_SendData
                0x0000000008000930       0x5c ./system/src/stm32f0-stdperiph/stm32f0xx_usart.o
                0x0000000008000930                USART_SendData
 .text.USART_ReceiveData
                0x000000000800098c       0x44 ./system/src/stm32f0-stdperiph/stm32f0xx_usart.o
                0x000000000800098c                USART_ReceiveData
 .text.USART_ITConfig
                0x00000000080009d0      0x104 ./system/src/stm32f0-stdperiph/stm32f0xx_usart.o
                0x00000000080009d0                USART_ITConfig
 .text.USART_GetFlagStatus
                0x0000000008000ad4       0xe8 ./system/src/stm32f0-stdperiph/stm32f0xx_usart.o
                0x0000000008000ad4                USART_GetFlagStatus
 .text.USART_GetITStatus
                0x0000000008000bbc      0x114 ./system/src/stm32f0-stdperiph/stm32f0xx_usart.o
                0x0000000008000bbc                USART_GetITStatus
 .text._exit    0x0000000008000cd0        0x4 ./system/src/newlib/_exit.o
                0x0000000008000cd0                _exit
 .text.abort    0x0000000008000cd4       0x14 ./system/src/newlib/_exit.o
                0x0000000008000cd4                abort
 .text._sbrk    0x0000000008000ce8       0x44 ./system/src/newlib/_sbrk.o
                0x0000000008000ce8                _sbrk
 .text.__initialize_args
                0x0000000008000d2c       0x10 ./system/src/newlib/_syscalls.o
                0x0000000008000d2c                __initialize_args
 .text.assert_failed
                0x0000000008000d3c       0x18 ./system/src/newlib/assert.o
                0x0000000008000d3c                assert_failed
 .text.trace_printf
                0x0000000008000d54       0x30 ./system/src/diag/Trace.o
                0x0000000008000d54                trace_printf
 .text.trace_puts
                0x0000000008000d84       0x20 ./system/src/diag/Trace.o
                0x0000000008000d84                trace_puts
 .text._trace_write_semihosting_debug
                0x0000000008000da4       0x74 ./system/src/diag/trace_impl.o
 .text.trace_write
                0x0000000008000e18        0x8 ./system/src/diag/trace_impl.o
                0x0000000008000e18                trace_write
 .text.__initialize_hardware
                0x0000000008000e20        0x8 ./system/src/cortexm/_initialize_hardware.o
                0x0000000008000e20                __initialize_hardware
 .text.SetSysClock
                0x0000000008000e28       0xb4 ./system/src/cmsis/system_stm32f0xx.o
 .text.SystemInit
                0x0000000008000edc       0x64 ./system/src/cmsis/system_stm32f0xx.o
                0x0000000008000edc                SystemInit
 .text._ZN7OSCDataC2EPKc
                0x0000000008000f40       0x34 ./src/OSC/OSCData.o
                0x0000000008000f40                OSCData::OSCData(char const*)
                0x0000000008000f40                OSCData::OSCData(char const*)
 .text._ZN7OSCDataC2El
                0x0000000008000f74       0x10 ./src/OSC/OSCData.o
                0x0000000008000f74                OSCData::OSCData(long)
                0x0000000008000f74                OSCData::OSCData(long)
 .text._ZN7OSCDataC2Ei
                0x0000000008000f84       0x10 ./src/OSC/OSCData.o
                0x0000000008000f84                OSCData::OSCData(int)
                0x0000000008000f84                OSCData::OSCData(int)
 .text._ZN7OSCDataC2Ef
                0x0000000008000f94       0x10 ./src/OSC/OSCData.o
                0x0000000008000f94                OSCData::OSCData(float)
                0x0000000008000f94                OSCData::OSCData(float)
 .text._ZN7OSCDataC2E9osctime_t
                0x0000000008000fa4       0x24 ./src/OSC/OSCData.o
                0x0000000008000fa4                OSCData::OSCData(osctime_t)
                0x0000000008000fa4                OSCData::OSCData(osctime_t)
 .text._ZN7OSCDataC2Ed
                0x0000000008000fc8       0x14 ./src/OSC/OSCData.o
                0x0000000008000fc8                OSCData::OSCData(double)
                0x0000000008000fc8                OSCData::OSCData(double)
 .text._ZN7OSCDataC2EPhi
                0x0000000008000fdc       0x70 ./src/OSC/OSCData.o
                0x0000000008000fdc                OSCData::OSCData(unsigned char*, int)
                0x0000000008000fdc                OSCData::OSCData(unsigned char*, int)
 .text._ZN7OSCDataD2Ev
                0x000000000800104c       0x28 ./src/OSC/OSCData.o
                0x000000000800104c                OSCData::~OSCData()
                0x000000000800104c                OSCData::~OSCData()
 .text._ZN7OSCDataC2Ec
                0x0000000008001074        0xc ./src/OSC/OSCData.o
                0x0000000008001074                OSCData::OSCData(char)
                0x0000000008001074                OSCData::OSCData(char)
 .text.osc_match_bracket
                0x0000000008001080       0x58 ./src/OSC/OSCMatch.o
 .text.osc_match_curly_brace
                0x00000000080010d8       0x50 ./src/OSC/OSCMatch.o
 .text.osc_match_single_char
                0x0000000008001128       0x68 ./src/OSC/OSCMatch.o
 .text.osc_match_star_r
                0x0000000008001190       0x7c ./src/OSC/OSCMatch.o
 .text.osc_match_star
                0x000000000800120c      0x118 ./src/OSC/OSCMatch.o
 .text.osc_match
                0x0000000008001324      0x108 ./src/OSC/OSCMatch.o
                0x0000000008001324                osc_match
 .text._ZN10OSCMessage10getOSCDataEi
                0x000000000800142c       0x18 ./src/OSC/OSCMessage.o
                0x000000000800142c                OSCMessage::getOSCData(int)
 .text._ZN10OSCMessage9fullMatchEPKci
                0x0000000008001444       0x1c ./src/OSC/OSCMessage.o
                0x0000000008001444                OSCMessage::fullMatch(char const*, int)
 .text._ZN10OSCMessage8dispatchEPKcPFvRS_Ei
                0x0000000008001460       0x1c ./src/OSC/OSCMessage.o
                0x0000000008001460                OSCMessage::dispatch(char const*, void (*)(OSCMessage&), int)
 .text._ZN10OSCMessage10setAddressEPKc
                0x000000000800147c       0x30 ./src/OSC/OSCMessage.o
                0x000000000800147c                OSCMessage::setAddress(char const*)
 .text._ZN10OSCMessage8hasErrorEv
                0x00000000080014ac       0x2c ./src/OSC/OSCMessage.o
                0x00000000080014ac                OSCMessage::hasError()
 .text._ZN10OSCMessage7getTypeEi
                0x00000000080014d8       0x1c ./src/OSC/OSCMessage.o
                0x00000000080014d8                OSCMessage::getType(int)
 .text._ZN10OSCMessage4sendER17SLIPEncodedSerial
                0x00000000080014f4      0x18c ./src/OSC/OSCMessage.o
                0x00000000080014f4                OSCMessage::send(SLIPEncodedSerial&)
 .text._ZN10OSCMessage10decodeTypeEh
                0x0000000008001680       0x44 ./src/OSC/OSCMessage.o
                0x0000000008001680                OSCMessage::decodeType(unsigned char)
 .text._ZN10OSCMessage19addToIncomingBufferEh
                0x00000000080016c4       0x44 ./src/OSC/OSCMessage.o
                0x00000000080016c4                OSCMessage::addToIncomingBuffer(unsigned char)
 .text._ZN10OSCMessage19clearIncomingBufferEv
                0x0000000008001708       0x28 ./src/OSC/OSCMessage.o
                0x0000000008001708                OSCMessage::clearIncomingBuffer()
 .text._ZN10OSCMessage12setupMessageEv
                0x0000000008001730       0x1c ./src/OSC/OSCMessage.o
                0x0000000008001730                OSCMessage::setupMessage()
 .text._ZN10OSCMessageC2EPKc
                0x000000000800174c       0x18 ./src/OSC/OSCMessage.o
                0x000000000800174c                OSCMessage::OSCMessage(char const*)
                0x000000000800174c                OSCMessage::OSCMessage(char const*)
 .text._ZN10OSCMessageC2Ev
                0x0000000008001764       0x10 ./src/OSC/OSCMessage.o
                0x0000000008001764                OSCMessage::OSCMessage()
                0x0000000008001764                OSCMessage::OSCMessage()
 .text._ZN10OSCMessage5emptyEv
                0x0000000008001774       0x40 ./src/OSC/OSCMessage.o
                0x0000000008001774                OSCMessage::empty()
 .text._ZN10OSCMessage13decodeAddressEv
                0x00000000080017b4       0x18 ./src/OSC/OSCMessage.o
                0x00000000080017b4                OSCMessage::decodeAddress()
 .text._ZN10OSCMessage10decodeDataEh
                0x00000000080017cc      0x4e0 ./src/OSC/OSCMessage.o
                0x00000000080017cc                OSCMessage::decodeData(unsigned char)
 .text._ZN10OSCMessage6decodeEh
                0x0000000008001cac       0xb8 ./src/OSC/OSCMessage.o
                0x0000000008001cac                OSCMessage::decode(unsigned char)
 .text._ZN10OSCMessage4fillEh
                0x0000000008001d64        0x8 ./src/OSC/OSCMessage.o
                0x0000000008001d64                OSCMessage::fill(unsigned char)
 .text._ZN17SLIPEncodedSerialC2Ev
                0x0000000008001d6c        0x8 ./src/OSC/SLIPEncodedSerial.o
                0x0000000008001d6c                SLIPEncodedSerial::SLIPEncodedSerial()
                0x0000000008001d6c                SLIPEncodedSerial::SLIPEncodedSerial()
 .text._ZN17SLIPEncodedSerial4readEv
                0x0000000008001d74       0x4c ./src/OSC/SLIPEncodedSerial.o
                0x0000000008001d74                SLIPEncodedSerial::read()
 .text._ZN17SLIPEncodedSerial4peekEv
                0x0000000008001dc0       0x24 ./src/OSC/SLIPEncodedSerial.o
                0x0000000008001dc0                SLIPEncodedSerial::peek()
 .text._ZN17SLIPEncodedSerial11endofPacketEv
                0x0000000008001de4       0x38 ./src/OSC/SLIPEncodedSerial.o
                0x0000000008001de4                SLIPEncodedSerial::endofPacket()
 .text._ZN17SLIPEncodedSerial9availableEv
                0x0000000008001e1c       0x74 ./src/OSC/SLIPEncodedSerial.o
                0x0000000008001e1c                SLIPEncodedSerial::available()
 .text._ZN17SLIPEncodedSerial5writeEh
                0x0000000008001e90       0x30 ./src/OSC/SLIPEncodedSerial.o
                0x0000000008001e90                SLIPEncodedSerial::write(unsigned char)
 .text._ZN17SLIPEncodedSerial5writeEPKhi
                0x0000000008001ec0       0x1c ./src/OSC/SLIPEncodedSerial.o
                0x0000000008001ec0                SLIPEncodedSerial::write(unsigned char const*, int)
 .text._ZN17SLIPEncodedSerial11beginPacketEv
                0x0000000008001edc        0xc ./src/OSC/SLIPEncodedSerial.o
                0x0000000008001edc                SLIPEncodedSerial::beginPacket()
 .text._ZN17SLIPEncodedSerial9endPacketEv
                0x0000000008001ee8        0xc ./src/OSC/SLIPEncodedSerial.o
                0x0000000008001ee8                SLIPEncodedSerial::endPacket()
 .text.blink_led_init
                0x0000000008001ef4       0x3c ./src/BlinkLed.o
                0x0000000008001ef4                blink_led_init
 .text.timer_start
                0x0000000008001f30       0x44 ./src/Timer.o
                0x0000000008001f30                timer_start
 .text.timer_tick
                0x0000000008001f74       0x18 ./src/Timer.o
                0x0000000008001f74                timer_tick
 .text.SysTick_Handler
                0x0000000008001f8c        0x8 ./src/Timer.o
                0x0000000008001f8c                SysTick_Handler
 .text._Z5resetR10OSCMessage
                0x0000000008001f94        0x4 ./src/main.o
                0x0000000008001f94                reset(OSCMessage&)
 .text._Z8renumberR10OSCMessage
                0x0000000008001f98        0x4 ./src/main.o
                0x0000000008001f98                renumber(OSCMessage&)
 .text._Z41__static_initialization_and_destruction_0ii
                0x0000000008001f9c       0x1c ./src/main.o
 .text.main     0x0000000008001fb8      0x134 ./src/main.o
                0x0000000008001fb8                main
 .text._GLOBAL__sub_I_SLIPSerial
                0x00000000080020ec       0x10 ./src/main.o
 .text.uart2_init
                0x00000000080020fc       0x94 ./src/uart.o
                0x00000000080020fc                uart2_init
 .text.uart2_send
                0x0000000008002190       0x20 ./src/uart.o
                0x0000000008002190                uart2_send
 .text.uart2_available
                0x00000000080021b0       0x24 ./src/uart.o
                0x00000000080021b0                uart2_available
 .text.uart2_peek
                0x00000000080021d4       0x24 ./src/uart.o
                0x00000000080021d4                uart2_peek
 .text.uart2_read
                0x00000000080021f8       0x30 ./src/uart.o
                0x00000000080021f8                uart2_read
 .text.USART2_IRQHandler
                0x0000000008002228       0x38 ./src/uart.o
                0x0000000008002228                USART2_IRQHandler
 .text._ZdlPv   0x0000000008002260        0xc /Users/owen/gcc-arm-none-eabi-4_8-2014q1/bin/../lib/gcc/arm-none-eabi/4.8.3/../../../../arm-none-eabi/lib/armv6-m/libstdc++_s.a(del_op.o)
                0x0000000008002260                operator delete(void*)
 .text._Znwj    0x000000000800226c       0x28 /Users/owen/gcc-arm-none-eabi-4_8-2014q1/bin/../lib/gcc/arm-none-eabi/4.8.3/../../../../arm-none-eabi/lib/armv6-m/libstdc++_s.a(new_op.o)
                0x000000000800226c                operator new(unsigned int)
 .text          0x0000000008002294       0x9c /Users/owen/gcc-arm-none-eabi-4_8-2014q1/bin/../lib/gcc/arm-none-eabi/4.8.3/armv6-m/libgcc.a(_udivsi3.o)
                0x0000000008002294                __udivsi3
                0x0000000008002294                __aeabi_uidiv
                0x000000000800231c                __aeabi_uidivmod
 .text          0x0000000008002330        0x4 /Users/owen/gcc-arm-none-eabi-4_8-2014q1/bin/../lib/gcc/arm-none-eabi/4.8.3/armv6-m/libgcc.a(_dvmd_tls.o)
                0x0000000008002330                __aeabi_ldiv0
                0x0000000008002330                __aeabi_idiv0
 .text.__errno  0x0000000008002334        0xc /Users/owen/gcc-arm-none-eabi-4_8-2014q1/bin/../lib/gcc/arm-none-eabi/4.8.3/../../../../arm-none-eabi/lib/armv6-m/libg_s.a(lib_a-errno.o)
                0x0000000008002334                __errno
 .text.malloc   0x0000000008002340       0x14 /Users/owen/gcc-arm-none-eabi-4_8-2014q1/bin/../lib/gcc/arm-none-eabi/4.8.3/../../../../arm-none-eabi/lib/armv6-m/libg_s.a(lib_a-malloc.o)
                0x0000000008002340                malloc
 .text.free     0x0000000008002354       0x14 /Users/owen/gcc-arm-none-eabi-4_8-2014q1/bin/../lib/gcc/arm-none-eabi/4.8.3/../../../../arm-none-eabi/lib/armv6-m/libg_s.a(lib_a-malloc.o)
                0x0000000008002354                free
 .text.memcpy   0x0000000008002368       0x12 /Users/owen/gcc-arm-none-eabi-4_8-2014q1/bin/../lib/gcc/arm-none-eabi/4.8.3/../../../../arm-none-eabi/lib/armv6-m/libg_s.a(lib_a-memcpy-stub.o)
                0x0000000008002368                memcpy
 *fill*         0x000000000800237a        0x2 
 .text._free_r  0x000000000800237c       0x90 /Users/owen/gcc-arm-none-eabi-4_8-2014q1/bin/../lib/gcc/arm-none-eabi/4.8.3/../../../../arm-none-eabi/lib/armv6-m/libg_s.a(lib_a-nano-freer.o)
                0x000000000800237c                _free_r
 .text._malloc_r
                0x000000000800240c       0xa8 /Users/owen/gcc-arm-none-eabi-4_8-2014q1/bin/../lib/gcc/arm-none-eabi/4.8.3/../../../../arm-none-eabi/lib/armv6-m/libg_s.a(lib_a-nano-mallocr.o)
                0x000000000800240c                _malloc_r
 .text.realloc  0x00000000080024b4       0x18 /Users/owen/gcc-arm-none-eabi-4_8-2014q1/bin/../lib/gcc/arm-none-eabi/4.8.3/../../../../arm-none-eabi/lib/armv6-m/libg_s.a(lib_a-realloc.o)
                0x00000000080024b4                realloc
 .text._sbrk_r  0x00000000080024cc       0x24 /Users/owen/gcc-arm-none-eabi-4_8-2014q1/bin/../lib/gcc/arm-none-eabi/4.8.3/../../../../arm-none-eabi/lib/armv6-m/libg_s.a(lib_a-sbrkr.o)
                0x00000000080024cc                _sbrk_r
 .text          0x00000000080024f0       0x14 /Users/owen/gcc-arm-none-eabi-4_8-2014q1/bin/../lib/gcc/arm-none-eabi/4.8.3/../../../../arm-none-eabi/lib/armv6-m/libg_s.a(lib_a-strcmp.o)
                0x00000000080024f0                strcmp
 .text.strcpy   0x0000000008002504       0x10 /Users/owen/gcc-arm-none-eabi-4_8-2014q1/bin/../lib/gcc/arm-none-eabi/4.8.3/../../../../arm-none-eabi/lib/armv6-m/libg_s.a(lib_a-strcpy.o)
                0x0000000008002504                strcpy
 .text.strlen   0x0000000008002514        0xe /Users/owen/gcc-arm-none-eabi-4_8-2014q1/bin/../lib/gcc/arm-none-eabi/4.8.3/../../../../arm-none-eabi/lib/armv6-m/libg_s.a(lib_a-strlen.o)
                0x0000000008002514                strlen
 .text.strncmp  0x0000000008002522       0x2c /Users/owen/gcc-arm-none-eabi-4_8-2014q1/bin/../lib/gcc/arm-none-eabi/4.8.3/../../../../arm-none-eabi/lib/armv6-m/libg_s.a(lib_a-strncmp.o)
                0x0000000008002522                strncmp
 .text._vsnprintf_r
                0x000000000800254e       0x54 /Users/owen/gcc-arm-none-eabi-4_8-2014q1/bin/../lib/gcc/arm-none-eabi/4.8.3/../../../../arm-none-eabi/lib/armv6-m/libg_s.a(lib_a-vsnprintf.o)
                0x000000000800254e                _vsnprintf_r
                0x000000000800254e                _vsniprintf_r
 *fill*         0x00000000080025a2        0x2 
 .text.vsnprintf
                0x00000000080025a4       0x20 /Users/owen/gcc-arm-none-eabi-4_8-2014q1/bin/../lib/gcc/arm-none-eabi/4.8.3/../../../../arm-none-eabi/lib/armv6-m/libg_s.a(lib_a-vsnprintf.o)
                0x00000000080025a4                vsnprintf
                0x00000000080025a4                vsniprintf
 .text._realloc_r
                0x00000000080025c4       0x4c /Users/owen/gcc-arm-none-eabi-4_8-2014q1/bin/../lib/gcc/arm-none-eabi/4.8.3/../../../../arm-none-eabi/lib/armv6-m/libg_s.a(lib_a-nano-reallocr.o)
                0x00000000080025c4                _realloc_r
 .text.__ssputs_r
                0x0000000008002610       0xc0 /Users/owen/gcc-arm-none-eabi-4_8-2014q1/bin/../lib/gcc/arm-none-eabi/4.8.3/../../../../arm-none-eabi/lib/armv6-m/libg_s.a(lib_a-svfprintf.o)
                0x0000000008002610                __ssputs_r
 .text._svfprintf_r
                0x00000000080026d0      0x1e0 /Users/owen/gcc-arm-none-eabi-4_8-2014q1/bin/../lib/gcc/arm-none-eabi/4.8.3/../../../../arm-none-eabi/lib/armv6-m/libg_s.a(lib_a-svfprintf.o)
                0x00000000080026d0                _svfprintf_r
                0x00000000080026d0                _svfiprintf_r
 .text._printf_common
                0x00000000080028b0       0xe8 /Users/owen/gcc-arm-none-eabi-4_8-2014q1/bin/../lib/gcc/arm-none-eabi/4.8.3/../../../../arm-none-eabi/lib/armv6-m/libg_s.a(lib_a-vfprintf_i.o)
                0x00000000080028b0                _printf_common
 .text._printf_i
                0x0000000008002998      0x22c /Users/owen/gcc-arm-none-eabi-4_8-2014q1/bin/../lib/gcc/arm-none-eabi/4.8.3/../../../../arm-none-eabi/lib/armv6-m/libg_s.a(lib_a-vfprintf_i.o)
                0x0000000008002998                _printf_i
 .text.memchr   0x0000000008002bc4       0x16 /Users/owen/gcc-arm-none-eabi-4_8-2014q1/bin/../lib/gcc/arm-none-eabi/4.8.3/../../../../arm-none-eabi/lib/armv6-m/libg_s.a(lib_a-memchr-stub.o)
                0x0000000008002bc4                memchr
 .text.memmove  0x0000000008002bda       0x32 /Users/owen/gcc-arm-none-eabi-4_8-2014q1/bin/../lib/gcc/arm-none-eabi/4.8.3/../../../../arm-none-eabi/lib/armv6-m/libg_s.a(lib_a-memmove.o)
                0x0000000008002bda                memmove
 .text._malloc_usable_size_r
                0x0000000008002c0c       0x12 /Users/owen/gcc-arm-none-eabi-4_8-2014q1/bin/../lib/gcc/arm-none-eabi/4.8.3/../../../../arm-none-eabi/lib/armv6-m/libg_s.a(lib_a-nano-msizer.o)
                0x0000000008002c0c                _malloc_usable_size_r
 *(.rodata .rodata.*)
 *fill*         0x0000000008002c1e        0x2 
 .rodata.str1.4
                0x0000000008002c20       0x31 ./system/src/stm32f0-stdperiph/stm32f0xx_gpio.o
                                         0x34 (size before relaxing)
 *fill*         0x0000000008002c51        0x3 
 .rodata.str1.4
                0x0000000008002c54       0x31 ./system/src/stm32f0-stdperiph/stm32f0xx_misc.o
                                         0x34 (size before relaxing)
 *fill*         0x0000000008002c85        0x3 
 .rodata.str1.4
                0x0000000008002c88       0x30 ./system/src/stm32f0-stdperiph/stm32f0xx_rcc.o
 .rodata.str1.4
                0x0000000008002cb8       0x32 ./system/src/stm32f0-stdperiph/stm32f0xx_usart.o
                                         0x34 (size before relaxing)
 *fill*         0x0000000008002cea        0x2 
 .rodata.str1.4
                0x0000000008002cec       0x14 ./system/src/newlib/_exit.o
 .rodata.str1.4
                0x0000000008002d00       0x6b ./system/src/newlib/assert.o
                                         0x70 (size before relaxing)
 *fill*         0x0000000008002d6b        0x1 
 .rodata.str1.4
                0x0000000008002d6c       0x2d ./system/src/diag/Trace.o
                                         0x30 (size before relaxing)
 *fill*         0x0000000008002d99        0x3 
 .rodata._ZN10OSCMessage10decodeDataEh
                0x0000000008002d9c       0x4c ./src/OSC/OSCMessage.o
 .rodata._ZN10OSCMessage6decodeEh
                0x0000000008002de8       0x1c ./src/OSC/OSCMessage.o
 .rodata.str1.4
                0x0000000008002e04       0x28 ./src/main.o
 .rodata.str1.1
                0x0000000008002e2c        0x2 /Users/owen/gcc-arm-none-eabi-4_8-2014q1/bin/../lib/gcc/arm-none-eabi/4.8.3/../../../../arm-none-eabi/lib/armv6-m/libg_s.a(lib_a-impure.o)
 .rodata.str1.1
                0x0000000008002e2e       0x11 /Users/owen/gcc-arm-none-eabi-4_8-2014q1/bin/../lib/gcc/arm-none-eabi/4.8.3/../../../../arm-none-eabi/lib/armv6-m/libg_s.a(lib_a-svfprintf.o)
 .rodata.str1.1
                0x0000000008002e3f       0x22 /Users/owen/gcc-arm-none-eabi-4_8-2014q1/bin/../lib/gcc/arm-none-eabi/4.8.3/../../../../arm-none-eabi/lib/armv6-m/libg_s.a(lib_a-vfprintf_i.o)
 *(vtable)
 *(.eh_frame*)
 *(.glue_7)
 .glue_7        0x0000000000000000        0x0 linker stubs
 *(.glue_7t)
 .glue_7t       0x0000000000000000        0x0 linker stubs

.vfp11_veneer   0x0000000008002e64        0x0
 .vfp11_veneer  0x0000000000000000        0x0 linker stubs

.v4_bx          0x0000000008002e64        0x0
 .v4_bx         0x0000000000000000        0x0 linker stubs

.iplt           0x0000000008002e64        0x0
 .iplt          0x0000000000000000        0x0 ./system/src/stm32f0-stdperiph/stm32f0xx_gpio.o

.rel.dyn        0x0000000008002e64        0x0
 .rel.iplt      0x0000000000000000        0x0 ./system/src/stm32f0-stdperiph/stm32f0xx_gpio.o

.ARM.extab
 *(.ARM.extab* .gnu.linkonce.armextab.*)
                0x0000000008002e64                __exidx_start = .

.ARM.exidx
 *(.ARM.exidx* .gnu.linkonce.armexidx.*)
                0x0000000008002e64                __exidx_end = .
                0x0000000008002e64                . = ALIGN (0x4)
                0x0000000008002e64                _etext = .
                0x0000000008002e64                __etext = .
                0x0000000008002e64                _sidata = _etext

.data           0x0000000020000000       0x88 load address 0x0000000008002e64
                0x0000000020000000                . = ALIGN (0x4)
                0x0000000020000000                _sdata = .
                0x0000000020000000                __data_start__ = .
 *(.data_begin .data_begin.*)
 .data_begin    0x0000000020000000        0x4 ./system/src/newlib/_startup.o
 *(.data .data.*)
 .data.APBAHBPrescTable
                0x0000000020000004       0x10 ./system/src/stm32f0-stdperiph/stm32f0xx_rcc.o
 .data.argv.4458
                0x0000000020000014        0x8 ./system/src/newlib/_syscalls.o
 .data.SystemCoreClock
                0x000000002000001c        0x4 ./system/src/cmsis/system_stm32f0xx.o
                0x000000002000001c                SystemCoreClock
 .data.impure_data
                0x0000000020000020       0x60 /Users/owen/gcc-arm-none-eabi-4_8-2014q1/bin/../lib/gcc/arm-none-eabi/4.8.3/../../../../arm-none-eabi/lib/armv6-m/libg_s.a(lib_a-impure.o)
 .data._impure_ptr
                0x0000000020000080        0x4 /Users/owen/gcc-arm-none-eabi-4_8-2014q1/bin/../lib/gcc/arm-none-eabi/4.8.3/../../../../arm-none-eabi/lib/armv6-m/libg_s.a(lib_a-impure.o)
                0x0000000020000080                _impure_ptr
 *(.data_end .data_end.*)
 .data_end      0x0000000020000084        0x4 ./system/src/newlib/_startup.o
                0x0000000020000088                . = ALIGN (0x4)
                0x0000000020000088                _edata = .
                0x0000000020000088                __data_end__ = .

.igot.plt       0x0000000020000088        0x0 load address 0x0000000008002eec
 .igot.plt      0x0000000000000000        0x0 ./system/src/stm32f0-stdperiph/stm32f0xx_gpio.o

.bss            0x0000000020000088       0xec load address 0x0000000008002eec
                0x0000000020000088                . = ALIGN (0x4)
                0x0000000020000088                __bss_start__ = .
                0x0000000020000088                _sbss = .
 *(.bss_begin .bss_begin.*)
 .bss_begin     0x0000000020000088        0x4 ./system/src/newlib/_startup.o
 *(.bss .bss.*)
 .bss.current_heap_end.4286
                0x000000002000008c        0x4 ./system/src/newlib/_sbrk.o
 .bss.name.4457
                0x0000000020000090        0x4 ./system/src/newlib/_syscalls.o
 .bss.buf.5349  0x0000000020000094       0x80 ./system/src/diag/Trace.o
 .bss.SLIPSerial
                0x0000000020000114        0x4 ./src/main.o
                0x0000000020000114                SLIPSerial
 .bss.uart2_recv_buf_tail
                0x0000000020000118        0x1 ./src/uart.o
                0x0000000020000118                uart2_recv_buf_tail
 .bss.uart2_recv_buf_head
                0x0000000020000119        0x1 ./src/uart.o
                0x0000000020000119                uart2_recv_buf_head
 *fill*         0x000000002000011a        0x2 
 .bss.__new_handler
                0x000000002000011c        0x4 /Users/owen/gcc-arm-none-eabi-4_8-2014q1/bin/../lib/gcc/arm-none-eabi/4.8.3/../../../../arm-none-eabi/lib/armv6-m/libstdc++_s.a(new_handler.o)
                0x000000002000011c                __new_handler
 .bss.__malloc_sbrk_start
                0x0000000020000120        0x4 /Users/owen/gcc-arm-none-eabi-4_8-2014q1/bin/../lib/gcc/arm-none-eabi/4.8.3/../../../../arm-none-eabi/lib/armv6-m/libg_s.a(lib_a-nano-mallocr.o)
                0x0000000020000120                __malloc_sbrk_start
 .bss.__malloc_free_list
                0x0000000020000124        0x4 /Users/owen/gcc-arm-none-eabi-4_8-2014q1/bin/../lib/gcc/arm-none-eabi/4.8.3/../../../../arm-none-eabi/lib/armv6-m/libg_s.a(lib_a-nano-mallocr.o)
                0x0000000020000124                __malloc_free_list
 *(COMMON)
 COMMON         0x0000000020000128        0x4 ./system/src/newlib/_syscalls.o
                0x0000000020000128                errno
 COMMON         0x000000002000012c        0x4 ./src/Timer.o
                0x000000002000012c                timer_delayCount
 COMMON         0x0000000020000130       0x40 ./src/uart.o
                0x0000000020000130                uart2_recv_buf
 *(.bss_end .bss_end.*)
 .bss_end       0x0000000020000170        0x4 ./system/src/newlib/_startup.o
                0x0000000020000174                . = ALIGN (0x4)
                0x0000000020000174                __bss_end__ = .
                0x0000000020000174                _ebss = .

.noinit         0x0000000020000174        0x0
                0x0000000020000174                . = ALIGN (0x4)
                0x0000000020000174                _noinit = .
 *(.noinit .noinit.*)
                0x0000000020000174                . = ALIGN (0x4)
                0x0000000020000174                _end_noinit = .
                0x0000000020000174                PROVIDE (end, _end_noinit)
                0x0000000020000174                PROVIDE (_end, _end_noinit)
                0x0000000020000174                PROVIDE (__end, _end_noinit)
                0x0000000020000174                PROVIDE (__end__, _end_noinit)

._check_stack   0x0000000020000174      0x100 load address 0x0000000008002fd8
                0x0000000020000174                . = ALIGN (0x4)
                0x0000000020000274                . = (. + _Minimum_Stack_Size)
 *fill*         0x0000000020000174      0x100 
                0x0000000020000274                . = ALIGN (0x4)

.bss_CCMRAM
 *(.bss.CCMRAM .bss.CCMRAM.*)

.b1text
 *(.b1text)
 *(.b1rodata)
 *(.b1rodata.*)

.eb0text
 *(.eb0text)
 *(.eb0rodata)
 *(.eb0rodata.*)

.eb1text
 *(.eb1text)
 *(.eb1rodata)
 *(.eb1rodata.*)

.eb2text
 *(.eb2text)
 *(.eb2rodata)
 *(.eb2rodata.*)

.eb3text
 *(.eb3text)
 *(.eb3rodata)
 *(.eb3rodata.*)

.stab
 *(.stab)

.stabstr
 *(.stabstr)

.stab.excl
 *(.stab.excl)

.stab.exclstr
 *(.stab.exclstr)

.stab.index
 *(.stab.index)

.stab.indexstr
 *(.stab.indexstr)

.comment        0x0000000000000000       0x70
 *(.comment)
 .comment       0x0000000000000000       0x70 ./system/src/stm32f0-stdperiph/stm32f0xx_gpio.o
                                         0x71 (size before relaxing)
 .comment       0x0000000000000000       0x71 ./system/src/stm32f0-stdperiph/stm32f0xx_misc.o
 .comment       0x0000000000000000       0x71 ./system/src/stm32f0-stdperiph/stm32f0xx_rcc.o
 .comment       0x0000000000000000       0x71 ./system/src/stm32f0-stdperiph/stm32f0xx_usart.o
 .comment       0x0000000000000000       0x71 ./system/src/newlib/_exit.o
 .comment       0x0000000000000000       0x71 ./system/src/newlib/_sbrk.o
 .comment       0x0000000000000000       0x71 ./system/src/newlib/_startup.o
 .comment       0x0000000000000000       0x71 ./system/src/newlib/_syscalls.o
 .comment       0x0000000000000000       0x71 ./system/src/newlib/assert.o
 .comment       0x0000000000000000       0x71 ./system/src/diag/Trace.o
 .comment       0x0000000000000000       0x71 ./system/src/diag/trace_impl.o
 .comment       0x0000000000000000       0x71 ./system/src/cortexm/_initialize_hardware.o
 .comment       0x0000000000000000       0x71 ./system/src/cortexm/exception_handlers.o
 .comment       0x0000000000000000       0x71 ./system/src/cmsis/system_stm32f0xx.o
 .comment       0x0000000000000000       0x71 ./system/src/cmsis/vectors_stm32f0xx.o
 .comment       0x0000000000000000       0x71 ./src/OSC/OSCData.o
 .comment       0x0000000000000000       0x71 ./src/OSC/OSCMatch.o
 .comment       0x0000000000000000       0x71 ./src/OSC/OSCMessage.o
 .comment       0x0000000000000000       0x71 ./src/OSC/SLIPEncodedSerial.o
 .comment       0x0000000000000000       0x71 ./src/BlinkLed.o
 .comment       0x0000000000000000       0x71 ./src/Timer.o
 .comment       0x0000000000000000       0x71 ./src/main.o
 .comment       0x0000000000000000       0x71 ./src/uart.o

.ARM.attributes
                0x0000000000000000       0x2f
 .ARM.attributes
                0x0000000000000000       0x31 ./system/src/stm32f0-stdperiph/stm32f0xx_gpio.o
 .ARM.attributes
                0x0000000000000031       0x31 ./system/src/stm32f0-stdperiph/stm32f0xx_misc.o
 .ARM.attributes
                0x0000000000000062       0x31 ./system/src/stm32f0-stdperiph/stm32f0xx_rcc.o
 .ARM.attributes
                0x0000000000000093       0x31 ./system/src/stm32f0-stdperiph/stm32f0xx_usart.o
 .ARM.attributes
                0x00000000000000c4       0x31 ./system/src/newlib/_exit.o
 .ARM.attributes
                0x00000000000000f5       0x31 ./system/src/newlib/_sbrk.o
 .ARM.attributes
                0x0000000000000126       0x31 ./system/src/newlib/_startup.o
 .ARM.attributes
                0x0000000000000157       0x31 ./system/src/newlib/_syscalls.o
 .ARM.attributes
                0x0000000000000188       0x31 ./system/src/newlib/assert.o
 .ARM.attributes
                0x00000000000001b9       0x31 ./system/src/diag/Trace.o
 .ARM.attributes
                0x00000000000001ea       0x31 ./system/src/diag/trace_impl.o
 .ARM.attributes
                0x000000000000021b       0x31 ./system/src/cortexm/_initialize_hardware.o
 .ARM.attributes
                0x000000000000024c       0x31 ./system/src/cortexm/exception_handlers.o
 .ARM.attributes
                0x000000000000027d       0x31 ./system/src/cmsis/system_stm32f0xx.o
 .ARM.attributes
                0x00000000000002ae       0x31 ./system/src/cmsis/vectors_stm32f0xx.o
 .ARM.attributes
                0x00000000000002df       0x31 ./src/OSC/OSCData.o
 .ARM.attributes
                0x0000000000000310       0x31 ./src/OSC/OSCMatch.o
 .ARM.attributes
                0x0000000000000341       0x31 ./src/OSC/OSCMessage.o
 .ARM.attributes
                0x0000000000000372       0x31 ./src/OSC/SLIPEncodedSerial.o
 .ARM.attributes
                0x00000000000003a3       0x31 ./src/BlinkLed.o
 .ARM.attributes
                0x00000000000003d4       0x31 ./src/Timer.o
 .ARM.attributes
                0x0000000000000405       0x31 ./src/main.o
 .ARM.attributes
                0x0000000000000436       0x31 ./src/uart.o
 .ARM.attributes
                0x0000000000000467       0x2c /Users/owen/gcc-arm-none-eabi-4_8-2014q1/bin/../lib/gcc/arm-none-eabi/4.8.3/../../../../arm-none-eabi/lib/armv6-m/libstdc++_s.a(del_op.o)
 .ARM.attributes
                0x0000000000000493       0x2c /Users/owen/gcc-arm-none-eabi-4_8-2014q1/bin/../lib/gcc/arm-none-eabi/4.8.3/../../../../arm-none-eabi/lib/armv6-m/libstdc++_s.a(new_op.o)
 .ARM.attributes
                0x00000000000004bf       0x2c /Users/owen/gcc-arm-none-eabi-4_8-2014q1/bin/../lib/gcc/arm-none-eabi/4.8.3/../../../../arm-none-eabi/lib/armv6-m/libstdc++_s.a(new_handler.o)
 .ARM.attributes
                0x00000000000004eb       0x1e /Users/owen/gcc-arm-none-eabi-4_8-2014q1/bin/../lib/gcc/arm-none-eabi/4.8.3/armv6-m/libgcc.a(_udivsi3.o)
 .ARM.attributes
                0x0000000000000509       0x1e /Users/owen/gcc-arm-none-eabi-4_8-2014q1/bin/../lib/gcc/arm-none-eabi/4.8.3/armv6-m/libgcc.a(_dvmd_tls.o)
 .ARM.attributes
                0x0000000000000527       0x2c /Users/owen/gcc-arm-none-eabi-4_8-2014q1/bin/../lib/gcc/arm-none-eabi/4.8.3/../../../../arm-none-eabi/lib/armv6-m/libg_s.a(lib_a-errno.o)
 .ARM.attributes
                0x0000000000000553       0x2c /Users/owen/gcc-arm-none-eabi-4_8-2014q1/bin/../lib/gcc/arm-none-eabi/4.8.3/../../../../arm-none-eabi/lib/armv6-m/libg_s.a(lib_a-impure.o)
 .ARM.attributes
                0x000000000000057f       0x2c /Users/owen/gcc-arm-none-eabi-4_8-2014q1/bin/../lib/gcc/arm-none-eabi/4.8.3/../../../../arm-none-eabi/lib/armv6-m/libg_s.a(lib_a-malloc.o)
 .ARM.attributes
                0x00000000000005ab       0x2c /Users/owen/gcc-arm-none-eabi-4_8-2014q1/bin/../lib/gcc/arm-none-eabi/4.8.3/../../../../arm-none-eabi/lib/armv6-m/libg_s.a(lib_a-memcpy-stub.o)
 .ARM.attributes
                0x00000000000005d7       0x2c /Users/owen/gcc-arm-none-eabi-4_8-2014q1/bin/../lib/gcc/arm-none-eabi/4.8.3/../../../../arm-none-eabi/lib/armv6-m/libg_s.a(lib_a-nano-freer.o)
 .ARM.attributes
                0x0000000000000603       0x2c /Users/owen/gcc-arm-none-eabi-4_8-2014q1/bin/../lib/gcc/arm-none-eabi/4.8.3/../../../../arm-none-eabi/lib/armv6-m/libg_s.a(lib_a-nano-mallocr.o)
 .ARM.attributes
                0x000000000000062f       0x2c /Users/owen/gcc-arm-none-eabi-4_8-2014q1/bin/../lib/gcc/arm-none-eabi/4.8.3/../../../../arm-none-eabi/lib/armv6-m/libg_s.a(lib_a-realloc.o)
 .ARM.attributes
                0x000000000000065b       0x2c /Users/owen/gcc-arm-none-eabi-4_8-2014q1/bin/../lib/gcc/arm-none-eabi/4.8.3/../../../../arm-none-eabi/lib/armv6-m/libg_s.a(lib_a-sbrkr.o)
 .ARM.attributes
                0x0000000000000687       0x1c /Users/owen/gcc-arm-none-eabi-4_8-2014q1/bin/../lib/gcc/arm-none-eabi/4.8.3/../../../../arm-none-eabi/lib/armv6-m/libg_s.a(lib_a-strcmp.o)
 .ARM.attributes
                0x00000000000006a3       0x2c /Users/owen/gcc-arm-none-eabi-4_8-2014q1/bin/../lib/gcc/arm-none-eabi/4.8.3/../../../../arm-none-eabi/lib/armv6-m/libg_s.a(lib_a-strcpy.o)
 .ARM.attributes
                0x00000000000006cf       0x2c /Users/owen/gcc-arm-none-eabi-4_8-2014q1/bin/../lib/gcc/arm-none-eabi/4.8.3/../../../../arm-none-eabi/lib/armv6-m/libg_s.a(lib_a-strlen.o)
 .ARM.attributes
                0x00000000000006fb       0x2c /Users/owen/gcc-arm-none-eabi-4_8-2014q1/bin/../lib/gcc/arm-none-eabi/4.8.3/../../../../arm-none-eabi/lib/armv6-m/libg_s.a(lib_a-strncmp.o)
 .ARM.attributes
                0x0000000000000727       0x2c /Users/owen/gcc-arm-none-eabi-4_8-2014q1/bin/../lib/gcc/arm-none-eabi/4.8.3/../../../../arm-none-eabi/lib/armv6-m/libg_s.a(lib_a-vsnprintf.o)
 .ARM.attributes
                0x0000000000000753       0x2c /Users/owen/gcc-arm-none-eabi-4_8-2014q1/bin/../lib/gcc/arm-none-eabi/4.8.3/../../../../arm-none-eabi/lib/armv6-m/libg_s.a(lib_a-nano-reallocr.o)
 .ARM.attributes
                0x000000000000077f       0x2c /Users/owen/gcc-arm-none-eabi-4_8-2014q1/bin/../lib/gcc/arm-none-eabi/4.8.3/../../../../arm-none-eabi/lib/armv6-m/libg_s.a(lib_a-svfprintf.o)
 .ARM.attributes
                0x00000000000007ab       0x2c /Users/owen/gcc-arm-none-eabi-4_8-2014q1/bin/../lib/gcc/arm-none-eabi/4.8.3/../../../../arm-none-eabi/lib/armv6-m/libg_s.a(lib_a-vfprintf_i.o)
 .ARM.attributes
                0x00000000000007d7       0x2c /Users/owen/gcc-arm-none-eabi-4_8-2014q1/bin/../lib/gcc/arm-none-eabi/4.8.3/../../../../arm-none-eabi/lib/armv6-m/libg_s.a(lib_a-memchr-stub.o)
 .ARM.attributes
                0x0000000000000803       0x2c /Users/owen/gcc-arm-none-eabi-4_8-2014q1/bin/../lib/gcc/arm-none-eabi/4.8.3/../../../../arm-none-eabi/lib/armv6-m/libg_s.a(lib_a-memmove.o)
 .ARM.attributes
                0x000000000000082f       0x2c /Users/owen/gcc-arm-none-eabi-4_8-2014q1/bin/../lib/gcc/arm-none-eabi/4.8.3/../../../../arm-none-eabi/lib/armv6-m/libg_s.a(lib_a-nano-msizer.o)

.debug
 *(.debug)

.line
 *(.line)

.debug_srcinfo
 *(.debug_srcinfo)

.debug_sfnames
 *(.debug_sfnames)

.debug_aranges  0x0000000000000000      0xa10
 *(.debug_aranges)
 .debug_aranges
                0x0000000000000000       0x80 ./system/src/stm32f0-stdperiph/stm32f0xx_gpio.o
 .debug_aranges
                0x0000000000000080       0x30 ./system/src/stm32f0-stdperiph/stm32f0xx_misc.o
 .debug_aranges
                0x00000000000000b0      0x160 ./system/src/stm32f0-stdperiph/stm32f0xx_rcc.o
 .debug_aranges
                0x0000000000000210      0x1a0 ./system/src/stm32f0-stdperiph/stm32f0xx_usart.o
 .debug_aranges
                0x00000000000003b0       0x28 ./system/src/newlib/_exit.o
 .debug_aranges
                0x00000000000003d8       0x20 ./system/src/newlib/_sbrk.o
 .debug_aranges
                0x00000000000003f8       0x40 ./system/src/newlib/_startup.o
 .debug_aranges
                0x0000000000000438       0xd0 ./system/src/newlib/_syscalls.o
 .debug_aranges
                0x0000000000000508       0x28 ./system/src/newlib/assert.o
 .debug_aranges
                0x0000000000000530       0x38 ./system/src/diag/Trace.o
 .debug_aranges
                0x0000000000000568       0x30 ./system/src/diag/trace_impl.o
 .debug_aranges
                0x0000000000000598       0x20 ./system/src/cortexm/_initialize_hardware.o
 .debug_aranges
                0x00000000000005b8       0x48 ./system/src/cortexm/exception_handlers.o
 .debug_aranges
                0x0000000000000600       0x30 ./system/src/cmsis/system_stm32f0xx.o
 .debug_aranges
                0x0000000000000630       0x20 ./system/src/cmsis/vectors_stm32f0xx.o
 .debug_aranges
                0x0000000000000650       0xa8 ./src/OSC/OSCData.o
 .debug_aranges
                0x00000000000006f8       0x48 ./src/OSC/OSCMatch.o
 .debug_aranges
                0x0000000000000740      0x180 ./src/OSC/OSCMessage.o
 .debug_aranges
                0x00000000000008c0       0x70 ./src/OSC/SLIPEncodedSerial.o
 .debug_aranges
                0x0000000000000930       0x20 ./src/BlinkLed.o
 .debug_aranges
                0x0000000000000950       0x38 ./src/Timer.o
 .debug_aranges
                0x0000000000000988       0x40 ./src/main.o
 .debug_aranges
                0x00000000000009c8       0x48 ./src/uart.o

.debug_pubnames
 *(.debug_pubnames)

.debug_info     0x0000000000000000     0xcce7
 *(.debug_info .gnu.linkonce.wi.*)
 .debug_info    0x0000000000000000      0xa38 ./system/src/stm32f0-stdperiph/stm32f0xx_gpio.o
 .debug_info    0x0000000000000a38      0x41c ./system/src/stm32f0-stdperiph/stm32f0xx_misc.o
 .debug_info    0x0000000000000e54      0xf39 ./system/src/stm32f0-stdperiph/stm32f0xx_rcc.o
 .debug_info    0x0000000000001d8d     0x1b10 ./system/src/stm32f0-stdperiph/stm32f0xx_usart.o
 .debug_info    0x000000000000389d      0x100 ./system/src/newlib/_exit.o
 .debug_info    0x000000000000399d      0x125 ./system/src/newlib/_sbrk.o
 .debug_info    0x0000000000003ac2      0x469 ./system/src/newlib/_startup.o
 .debug_info    0x0000000000003f2b      0x8f3 ./system/src/newlib/_syscalls.o
 .debug_info    0x000000000000481e      0x1cd ./system/src/newlib/assert.o
 .debug_info    0x00000000000049eb      0x325 ./system/src/diag/Trace.o
 .debug_info    0x0000000000004d10      0x2e4 ./system/src/diag/trace_impl.o
 .debug_info    0x0000000000004ff4       0x9d ./system/src/cortexm/_initialize_hardware.o
 .debug_info    0x0000000000005091       0xa5 ./system/src/cortexm/exception_handlers.o
 .debug_info    0x0000000000005136      0x309 ./system/src/cmsis/system_stm32f0xx.o
 .debug_info    0x000000000000543f       0x92 ./system/src/cmsis/vectors_stm32f0xx.o
 .debug_info    0x00000000000054d1      0xbed ./src/OSC/OSCData.o
 .debug_info    0x00000000000060be      0x4f4 ./src/OSC/OSCMatch.o
 .debug_info    0x00000000000065b2     0x3d2e ./src/OSC/OSCMessage.o
 .debug_info    0x000000000000a2e0      0x617 ./src/OSC/SLIPEncodedSerial.o
 .debug_info    0x000000000000a8f7      0x36f ./src/BlinkLed.o
 .debug_info    0x000000000000ac66      0x462 ./src/Timer.o
 .debug_info    0x000000000000b0c8     0x134e ./src/main.o
 .debug_info    0x000000000000c416      0x8d1 ./src/uart.o

.debug_abbrev   0x0000000000000000     0x279f
 *(.debug_abbrev)
 .debug_abbrev  0x0000000000000000      0x1db ./system/src/stm32f0-stdperiph/stm32f0xx_gpio.o
 .debug_abbrev  0x00000000000001db      0x16e ./system/src/stm32f0-stdperiph/stm32f0xx_misc.o
 .debug_abbrev  0x0000000000000349      0x23e ./system/src/stm32f0-stdperiph/stm32f0xx_rcc.o
 .debug_abbrev  0x0000000000000587      0x1d2 ./system/src/stm32f0-stdperiph/stm32f0xx_usart.o
 .debug_abbrev  0x0000000000000759       0xa4 ./system/src/newlib/_exit.o
 .debug_abbrev  0x00000000000007fd       0xbb ./system/src/newlib/_sbrk.o
 .debug_abbrev  0x00000000000008b8      0x1da ./system/src/newlib/_startup.o
 .debug_abbrev  0x0000000000000a92      0x178 ./system/src/newlib/_syscalls.o
 .debug_abbrev  0x0000000000000c0a       0xc9 ./system/src/newlib/assert.o
 .debug_abbrev  0x0000000000000cd3      0x178 ./system/src/diag/Trace.o
 .debug_abbrev  0x0000000000000e4b      0x1a3 ./system/src/diag/trace_impl.o
 .debug_abbrev  0x0000000000000fee       0x63 ./system/src/cortexm/_initialize_hardware.o
 .debug_abbrev  0x0000000000001051       0x65 ./system/src/cortexm/exception_handlers.o
 .debug_abbrev  0x00000000000010b6      0x146 ./system/src/cmsis/system_stm32f0xx.o
 .debug_abbrev  0x00000000000011fc       0x92 ./system/src/cmsis/vectors_stm32f0xx.o
 .debug_abbrev  0x000000000000128e      0x2d5 ./src/OSC/OSCData.o
 .debug_abbrev  0x0000000000001563      0x17c ./src/OSC/OSCMatch.o
 .debug_abbrev  0x00000000000016df      0x52d ./src/OSC/OSCMessage.o
 .debug_abbrev  0x0000000000001c0c      0x22c ./src/OSC/SLIPEncodedSerial.o
 .debug_abbrev  0x0000000000001e38      0x15c ./src/BlinkLed.o
 .debug_abbrev  0x0000000000001f94      0x1b5 ./src/Timer.o
 .debug_abbrev  0x0000000000002149      0x45b ./src/main.o
 .debug_abbrev  0x00000000000025a4      0x1fb ./src/uart.o

.debug_line     0x0000000000000000     0x6c68
 *(.debug_line)
 .debug_line    0x0000000000000000      0x628 ./system/src/stm32f0-stdperiph/stm32f0xx_gpio.o
 .debug_line    0x0000000000000628      0x47f ./system/src/stm32f0-stdperiph/stm32f0xx_misc.o
 .debug_line    0x0000000000000aa7      0x931 ./system/src/stm32f0-stdperiph/stm32f0xx_rcc.o
 .debug_line    0x00000000000013d8      0xb57 ./system/src/stm32f0-stdperiph/stm32f0xx_usart.o
 .debug_line    0x0000000000001f2f      0x272 ./system/src/newlib/_exit.o
 .debug_line    0x00000000000021a1      0x224 ./system/src/newlib/_sbrk.o
 .debug_line    0x00000000000023c5      0x2e7 ./system/src/newlib/_startup.o
 .debug_line    0x00000000000026ac      0x495 ./system/src/newlib/_syscalls.o
 .debug_line    0x0000000000002b41      0x2a9 ./system/src/newlib/assert.o
 .debug_line    0x0000000000002dea      0x331 ./system/src/diag/Trace.o
 .debug_line    0x000000000000311b      0x56f ./system/src/diag/trace_impl.o
 .debug_line    0x000000000000368a      0x438 ./system/src/cortexm/_initialize_hardware.o
 .debug_line    0x0000000000003ac2       0x97 ./system/src/cortexm/exception_handlers.o
 .debug_line    0x0000000000003b59      0x489 ./system/src/cmsis/system_stm32f0xx.o
 .debug_line    0x0000000000003fe2       0x89 ./system/src/cmsis/vectors_stm32f0xx.o
 .debug_line    0x000000000000406b      0x472 ./src/OSC/OSCData.o
 .debug_line    0x00000000000044dd      0x483 ./src/OSC/OSCMatch.o
 .debug_line    0x0000000000004960      0x981 ./src/OSC/OSCMessage.o
 .debug_line    0x00000000000052e1      0x558 ./src/OSC/SLIPEncodedSerial.o
 .debug_line    0x0000000000005839      0x426 ./src/BlinkLed.o
 .debug_line    0x0000000000005c5f      0x4a5 ./src/Timer.o
 .debug_line    0x0000000000006104      0x6c4 ./src/main.o
 .debug_line    0x00000000000067c8      0x4a0 ./src/uart.o

.debug_frame    0x0000000000000000     0x1e28
 *(.debug_frame)
 .debug_frame   0x0000000000000000      0x168 ./system/src/stm32f0-stdperiph/stm32f0xx_gpio.o
 .debug_frame   0x0000000000000168       0x60 ./system/src/stm32f0-stdperiph/stm32f0xx_misc.o
 .debug_frame   0x00000000000001c8      0x3f8 ./system/src/stm32f0-stdperiph/stm32f0xx_rcc.o
 .debug_frame   0x00000000000005c0      0x558 ./system/src/stm32f0-stdperiph/stm32f0xx_usart.o
 .debug_frame   0x0000000000000b18       0x38 ./system/src/newlib/_exit.o
 .debug_frame   0x0000000000000b50       0x28 ./system/src/newlib/_sbrk.o
 .debug_frame   0x0000000000000b78       0x84 ./system/src/newlib/_startup.o
 .debug_frame   0x0000000000000bfc      0x230 ./system/src/newlib/_syscalls.o
 .debug_frame   0x0000000000000e2c       0x48 ./system/src/newlib/assert.o
 .debug_frame   0x0000000000000e74       0x80 ./system/src/diag/Trace.o
 .debug_frame   0x0000000000000ef4       0x64 ./system/src/diag/trace_impl.o
 .debug_frame   0x0000000000000f58       0x28 ./system/src/cortexm/_initialize_hardware.o
 .debug_frame   0x0000000000000f80       0x78 ./system/src/cortexm/exception_handlers.o
 .debug_frame   0x0000000000000ff8       0x54 ./system/src/cmsis/system_stm32f0xx.o
 .debug_frame   0x000000000000104c       0x20 ./system/src/cmsis/vectors_stm32f0xx.o
 .debug_frame   0x000000000000106c      0x190 ./src/OSC/OSCData.o
 .debug_frame   0x00000000000011fc       0xcc ./src/OSC/OSCMatch.o
 .debug_frame   0x00000000000012c8      0x4cc ./src/OSC/OSCMessage.o
 .debug_frame   0x0000000000001794      0x10c ./src/OSC/SLIPEncodedSerial.o
 .debug_frame   0x00000000000018a0       0x2c ./src/BlinkLed.o
 .debug_frame   0x00000000000018cc       0x60 ./src/Timer.o
 .debug_frame   0x000000000000192c       0x88 ./src/main.o
 .debug_frame   0x00000000000019b4       0x98 ./src/uart.o
 .debug_frame   0x0000000000001a4c       0x28 /Users/owen/gcc-arm-none-eabi-4_8-2014q1/bin/../lib/gcc/arm-none-eabi/4.8.3/../../../../arm-none-eabi/lib/armv6-m/libstdc++_s.a(del_op.o)
 .debug_frame   0x0000000000001a74       0x28 /Users/owen/gcc-arm-none-eabi-4_8-2014q1/bin/../lib/gcc/arm-none-eabi/4.8.3/../../../../arm-none-eabi/lib/armv6-m/libstdc++_s.a(new_op.o)
 .debug_frame   0x0000000000001a9c       0x20 /Users/owen/gcc-arm-none-eabi-4_8-2014q1/bin/../lib/gcc/arm-none-eabi/4.8.3/../../../../arm-none-eabi/lib/armv6-m/libstdc++_s.a(new_handler.o)
 .debug_frame   0x0000000000001abc       0x20 /Users/owen/gcc-arm-none-eabi-4_8-2014q1/bin/../lib/gcc/arm-none-eabi/4.8.3/armv6-m/libgcc.a(_udivsi3.o)
 .debug_frame   0x0000000000001adc       0x20 /Users/owen/gcc-arm-none-eabi-4_8-2014q1/bin/../lib/gcc/arm-none-eabi/4.8.3/../../../../arm-none-eabi/lib/armv6-m/libg_s.a(lib_a-errno.o)
 .debug_frame   0x0000000000001afc       0x40 /Users/owen/gcc-arm-none-eabi-4_8-2014q1/bin/../lib/gcc/arm-none-eabi/4.8.3/../../../../arm-none-eabi/lib/armv6-m/libg_s.a(lib_a-malloc.o)
 .debug_frame   0x0000000000001b3c       0x28 /Users/owen/gcc-arm-none-eabi-4_8-2014q1/bin/../lib/gcc/arm-none-eabi/4.8.3/../../../../arm-none-eabi/lib/armv6-m/libg_s.a(lib_a-memcpy-stub.o)
 .debug_frame   0x0000000000001b64       0x2c /Users/owen/gcc-arm-none-eabi-4_8-2014q1/bin/../lib/gcc/arm-none-eabi/4.8.3/../../../../arm-none-eabi/lib/armv6-m/libg_s.a(lib_a-nano-freer.o)
 .debug_frame   0x0000000000001b90       0x2c /Users/owen/gcc-arm-none-eabi-4_8-2014q1/bin/../lib/gcc/arm-none-eabi/4.8.3/../../../../arm-none-eabi/lib/armv6-m/libg_s.a(lib_a-nano-mallocr.o)
 .debug_frame   0x0000000000001bbc       0x28 /Users/owen/gcc-arm-none-eabi-4_8-2014q1/bin/../lib/gcc/arm-none-eabi/4.8.3/../../../../arm-none-eabi/lib/armv6-m/libg_s.a(lib_a-realloc.o)
 .debug_frame   0x0000000000001be4       0x2c /Users/owen/gcc-arm-none-eabi-4_8-2014q1/bin/../lib/gcc/arm-none-eabi/4.8.3/../../../../arm-none-eabi/lib/armv6-m/libg_s.a(lib_a-sbrkr.o)
 .debug_frame   0x0000000000001c10       0x20 /Users/owen/gcc-arm-none-eabi-4_8-2014q1/bin/../lib/gcc/arm-none-eabi/4.8.3/../../../../arm-none-eabi/lib/armv6-m/libg_s.a(lib_a-strcpy.o)
 .debug_frame   0x0000000000001c30       0x20 /Users/owen/gcc-arm-none-eabi-4_8-2014q1/bin/../lib/gcc/arm-none-eabi/4.8.3/../../../../arm-none-eabi/lib/armv6-m/libg_s.a(lib_a-strlen.o)
 .debug_frame   0x0000000000001c50       0x28 /Users/owen/gcc-arm-none-eabi-4_8-2014q1/bin/../lib/gcc/arm-none-eabi/4.8.3/../../../../arm-none-eabi/lib/armv6-m/libg_s.a(lib_a-strncmp.o)
 .debug_frame   0x0000000000001c78       0x4c /Users/owen/gcc-arm-none-eabi-4_8-2014q1/bin/../lib/gcc/arm-none-eabi/4.8.3/../../../../arm-none-eabi/lib/armv6-m/libg_s.a(lib_a-vsnprintf.o)
 .debug_frame   0x0000000000001cc4       0x30 /Users/owen/gcc-arm-none-eabi-4_8-2014q1/bin/../lib/gcc/arm-none-eabi/4.8.3/../../../../arm-none-eabi/lib/armv6-m/libg_s.a(lib_a-nano-reallocr.o)
 .debug_frame   0x0000000000001cf4       0x74 /Users/owen/gcc-arm-none-eabi-4_8-2014q1/bin/../lib/gcc/arm-none-eabi/4.8.3/../../../../arm-none-eabi/lib/armv6-m/libg_s.a(lib_a-svfprintf.o)
 .debug_frame   0x0000000000001d68       0x54 /Users/owen/gcc-arm-none-eabi-4_8-2014q1/bin/../lib/gcc/arm-none-eabi/4.8.3/../../../../arm-none-eabi/lib/armv6-m/libg_s.a(lib_a-vfprintf_i.o)
 .debug_frame   0x0000000000001dbc       0x20 /Users/owen/gcc-arm-none-eabi-4_8-2014q1/bin/../lib/gcc/arm-none-eabi/4.8.3/../../../../arm-none-eabi/lib/armv6-m/libg_s.a(lib_a-memchr-stub.o)
 .debug_frame   0x0000000000001ddc       0x2c /Users/owen/gcc-arm-none-eabi-4_8-2014q1/bin/../lib/gcc/arm-none-eabi/4.8.3/../../../../arm-none-eabi/lib/armv6-m/libg_s.a(lib_a-memmove.o)
 .debug_frame   0x0000000000001e08       0x20 /Users/owen/gcc-arm-none-eabi-4_8-2014q1/bin/../lib/gcc/arm-none-eabi/4.8.3/../../../../arm-none-eabi/lib/armv6-m/libg_s.a(lib_a-nano-msizer.o)

.debug_str      0x0000000000000000    0x480ad
 *(.debug_str)
 .debug_str     0x0000000000000000    0x3eece ./system/src/stm32f0-stdperiph/stm32f0xx_gpio.o
                                      0x3f08b (size before relaxing)
 .debug_str     0x000000000003eece      0x160 ./system/src/stm32f0-stdperiph/stm32f0xx_misc.o
                                      0x3eecf (size before relaxing)
 .debug_str     0x000000000003f02e      0x635 ./system/src/stm32f0-stdperiph/stm32f0xx_rcc.o
                                      0x3f411 (size before relaxing)
 .debug_str     0x000000000003f663      0x80e ./system/src/stm32f0-stdperiph/stm32f0xx_usart.o
                                      0x3f6b9 (size before relaxing)
 .debug_str     0x000000000003fe71     0x27fe ./system/src/newlib/_exit.o
                                       0x4dde (size before relaxing)
 .debug_str     0x000000000004266f      0x4de ./system/src/newlib/_sbrk.o
                                       0x4394 (size before relaxing)
 .debug_str     0x0000000000042b4d      0x24c ./system/src/newlib/_startup.o
                                       0x3e04 (size before relaxing)
 .debug_str     0x0000000000042d99      0xe34 ./system/src/newlib/_syscalls.o
                                       0x5253 (size before relaxing)
 .debug_str     0x0000000000043bcd       0xd0 ./system/src/newlib/assert.o
                                       0x57a1 (size before relaxing)
 .debug_str     0x0000000000043c9d     0x1782 ./system/src/diag/Trace.o
                                       0x64c5 (size before relaxing)
 .debug_str     0x000000000004541f      0x378 ./system/src/diag/trace_impl.o
                                      0x40bf3 (size before relaxing)
 .debug_str     0x0000000000045797       0x38 ./system/src/cortexm/_initialize_hardware.o
                                      0x3ed56 (size before relaxing)
 .debug_str     0x00000000000457cf       0xa1 ./system/src/cortexm/exception_handlers.o
                                       0x23d9 (size before relaxing)
 .debug_str     0x0000000000045870       0x7d ./system/src/cmsis/system_stm32f0xx.o
                                      0x3ee56 (size before relaxing)
 .debug_str     0x00000000000458ed       0x56 ./system/src/cmsis/vectors_stm32f0xx.o
                                       0x23bc (size before relaxing)
 .debug_str     0x0000000000045943     0x1503 ./src/OSC/OSCData.o
                                       0x66b1 (size before relaxing)
 .debug_str     0x0000000000046e46      0x16b ./src/OSC/OSCMatch.o
                                       0x4b54 (size before relaxing)
 .debug_str     0x0000000000046fb1      0xad0 ./src/OSC/OSCMessage.o
                                       0x7173 (size before relaxing)
 .debug_str     0x0000000000047a81       0xaa ./src/OSC/SLIPEncodedSerial.o
                                      0x3f07c (size before relaxing)
 .debug_str     0x0000000000047b2b      0x12e ./src/BlinkLed.o
                                      0x3f02e (size before relaxing)
 .debug_str     0x0000000000047c59      0x246 ./src/Timer.o
                                      0x3f045 (size before relaxing)
 .debug_str     0x0000000000047e9f      0x17b ./src/main.o
                                      0x449b5 (size before relaxing)
 .debug_str     0x000000000004801a       0x93 ./src/uart.o
                                      0x3f42f (size before relaxing)

.debug_loc      0x0000000000000000     0x669f
 *(.debug_loc)
 .debug_loc     0x0000000000000000      0x4e1 ./system/src/stm32f0-stdperiph/stm32f0xx_gpio.o
 .debug_loc     0x00000000000004e1       0xeb ./system/src/stm32f0-stdperiph/stm32f0xx_misc.o
 .debug_loc     0x00000000000005cc      0xc3f ./system/src/stm32f0-stdperiph/stm32f0xx_rcc.o
 .debug_loc     0x000000000000120b     0x13bf ./system/src/stm32f0-stdperiph/stm32f0xx_usart.o
 .debug_loc     0x00000000000025ca       0x70 ./system/src/newlib/_sbrk.o
 .debug_loc     0x000000000000263a      0x265 ./system/src/newlib/_startup.o
 .debug_loc     0x000000000000289f      0x549 ./system/src/newlib/_syscalls.o
 .debug_loc     0x0000000000002de8       0xf7 ./system/src/newlib/assert.o
 .debug_loc     0x0000000000002edf       0xf7 ./system/src/diag/Trace.o
 .debug_loc     0x0000000000002fd6      0x1a6 ./system/src/diag/trace_impl.o
 .debug_loc     0x000000000000317c       0xe2 ./system/src/cmsis/system_stm32f0xx.o
 .debug_loc     0x000000000000325e      0x4c3 ./src/OSC/OSCData.o
 .debug_loc     0x0000000000003721      0x67e ./src/OSC/OSCMatch.o
 .debug_loc     0x0000000000003d9f     0x23e9 ./src/OSC/OSCMessage.o
 .debug_loc     0x0000000000006188      0x340 ./src/OSC/SLIPEncodedSerial.o
 .debug_loc     0x00000000000064c8       0x59 ./src/Timer.o
 .debug_loc     0x0000000000006521      0x109 ./src/main.o
 .debug_loc     0x000000000000662a       0x75 ./src/uart.o

.debug_macinfo
 *(.debug_macinfo)

.debug_weaknames
 *(.debug_weaknames)

.debug_funcnames
 *(.debug_funcnames)

.debug_typenames
 *(.debug_typenames)

.debug_varnames
 *(.debug_varnames)
OUTPUT(Blinking_STM32F0.elf elf32-littlearm)

.debug_ranges   0x0000000000000000      0xa00
 .debug_ranges  0x0000000000000000       0x70 ./system/src/stm32f0-stdperiph/stm32f0xx_gpio.o
 .debug_ranges  0x0000000000000070       0x20 ./system/src/stm32f0-stdperiph/stm32f0xx_misc.o
 .debug_ranges  0x0000000000000090      0x150 ./system/src/stm32f0-stdperiph/stm32f0xx_rcc.o
 .debug_ranges  0x00000000000001e0      0x190 ./system/src/stm32f0-stdperiph/stm32f0xx_usart.o
 .debug_ranges  0x0000000000000370       0x18 ./system/src/newlib/_exit.o
 .debug_ranges  0x0000000000000388       0x10 ./system/src/newlib/_sbrk.o
 .debug_ranges  0x0000000000000398       0x48 ./system/src/newlib/_startup.o
 .debug_ranges  0x00000000000003e0       0xc0 ./system/src/newlib/_syscalls.o
 .debug_ranges  0x00000000000004a0       0x18 ./system/src/newlib/assert.o
 .debug_ranges  0x00000000000004b8       0x28 ./system/src/diag/Trace.o
 .debug_ranges  0x00000000000004e0       0x38 ./system/src/diag/trace_impl.o
 .debug_ranges  0x0000000000000518       0x10 ./system/src/cortexm/_initialize_hardware.o
 .debug_ranges  0x0000000000000528       0x38 ./system/src/cortexm/exception_handlers.o
 .debug_ranges  0x0000000000000560       0x20 ./system/src/cmsis/system_stm32f0xx.o
 .debug_ranges  0x0000000000000580       0x10 ./system/src/cmsis/vectors_stm32f0xx.o
 .debug_ranges  0x0000000000000590       0x98 ./src/OSC/OSCData.o
 .debug_ranges  0x0000000000000628       0x88 ./src/OSC/OSCMatch.o
 .debug_ranges  0x00000000000006b0      0x230 ./src/OSC/OSCMessage.o
 .debug_ranges  0x00000000000008e0       0x80 ./src/OSC/SLIPEncodedSerial.o
 .debug_ranges  0x0000000000000960       0x10 ./src/BlinkLed.o
 .debug_ranges  0x0000000000000970       0x28 ./src/Timer.o
 .debug_ranges  0x0000000000000998       0x30 ./src/main.o
 .debug_ranges  0x00000000000009c8       0x38 ./src/uart.o

.debug_macro    0x0000000000000000     0xe24a
 .debug_macro   0x0000000000000000      0x174 ./system/src/stm32f0-stdperiph/stm32f0xx_gpio.o
 .debug_macro   0x0000000000000174      0x832 ./system/src/stm32f0-stdperiph/stm32f0xx_gpio.o
 .debug_macro   0x00000000000009a6       0x7a ./system/src/stm32f0-stdperiph/stm32f0xx_gpio.o
 .debug_macro   0x0000000000000a20       0x3a ./system/src/stm32f0-stdperiph/stm32f0xx_gpio.o
 .debug_macro   0x0000000000000a5a       0x16 ./system/src/stm32f0-stdperiph/stm32f0xx_gpio.o
 .debug_macro   0x0000000000000a70       0x44 ./system/src/stm32f0-stdperiph/stm32f0xx_gpio.o
 .debug_macro   0x0000000000000ab4      0x209 ./system/src/stm32f0-stdperiph/stm32f0xx_gpio.o
 .debug_macro   0x0000000000000cbd       0x1f ./system/src/stm32f0-stdperiph/stm32f0xx_gpio.o
 .debug_macro   0x0000000000000cdc      0x242 ./system/src/stm32f0-stdperiph/stm32f0xx_gpio.o
 .debug_macro   0x0000000000000f1e     0x5b9e ./system/src/stm32f0-stdperiph/stm32f0xx_gpio.o
 .debug_macro   0x0000000000006abc      0x2ec ./system/src/stm32f0-stdperiph/stm32f0xx_gpio.o
 .debug_macro   0x0000000000006da8      0x3cf ./system/src/stm32f0-stdperiph/stm32f0xx_gpio.o
 .debug_macro   0x0000000000007177      0x191 ./system/src/stm32f0-stdperiph/stm32f0xx_gpio.o
 .debug_macro   0x0000000000007308       0x46 ./system/src/stm32f0-stdperiph/stm32f0xx_gpio.o
 .debug_macro   0x000000000000734e       0xd9 ./system/src/stm32f0-stdperiph/stm32f0xx_gpio.o
 .debug_macro   0x0000000000007427       0xef ./system/src/stm32f0-stdperiph/stm32f0xx_gpio.o
 .debug_macro   0x0000000000007516      0x184 ./system/src/stm32f0-stdperiph/stm32f0xx_gpio.o
 .debug_macro   0x000000000000769a       0x7c ./system/src/stm32f0-stdperiph/stm32f0xx_gpio.o
 .debug_macro   0x0000000000007716      0x295 ./system/src/stm32f0-stdperiph/stm32f0xx_gpio.o
 .debug_macro   0x00000000000079ab       0xd7 ./system/src/stm32f0-stdperiph/stm32f0xx_gpio.o
 .debug_macro   0x0000000000007a82      0x23d ./system/src/stm32f0-stdperiph/stm32f0xx_gpio.o
 .debug_macro   0x0000000000007cbf      0x184 ./system/src/stm32f0-stdperiph/stm32f0xx_gpio.o
 .debug_macro   0x0000000000007e43      0x2a0 ./system/src/stm32f0-stdperiph/stm32f0xx_gpio.o
 .debug_macro   0x00000000000080e3       0x70 ./system/src/stm32f0-stdperiph/stm32f0xx_gpio.o
 .debug_macro   0x0000000000008153       0xdf ./system/src/stm32f0-stdperiph/stm32f0xx_gpio.o
 .debug_macro   0x0000000000008232      0x4e3 ./system/src/stm32f0-stdperiph/stm32f0xx_gpio.o
 .debug_macro   0x0000000000008715      0x4c5 ./system/src/stm32f0-stdperiph/stm32f0xx_gpio.o
 .debug_macro   0x0000000000008bda      0x397 ./system/src/stm32f0-stdperiph/stm32f0xx_gpio.o
 .debug_macro   0x0000000000008f71      0x750 ./system/src/stm32f0-stdperiph/stm32f0xx_gpio.o
 .debug_macro   0x00000000000096c1      0x353 ./system/src/stm32f0-stdperiph/stm32f0xx_gpio.o
 .debug_macro   0x0000000000009a14       0x34 ./system/src/stm32f0-stdperiph/stm32f0xx_gpio.o
 .debug_macro   0x0000000000009a48       0x3a ./system/src/stm32f0-stdperiph/stm32f0xx_gpio.o
 .debug_macro   0x0000000000009a82      0x17f ./system/src/stm32f0-stdperiph/stm32f0xx_gpio.o
 .debug_macro   0x0000000000009c01      0x174 ./system/src/stm32f0-stdperiph/stm32f0xx_misc.o
 .debug_macro   0x0000000000009d75      0x185 ./system/src/stm32f0-stdperiph/stm32f0xx_misc.o
 .debug_macro   0x0000000000009efa       0x34 ./system/src/stm32f0-stdperiph/stm32f0xx_misc.o
 .debug_macro   0x0000000000009f2e      0x192 ./system/src/stm32f0-stdperiph/stm32f0xx_rcc.o
 .debug_macro   0x000000000000a0c0      0x4dd ./system/src/stm32f0-stdperiph/stm32f0xx_rcc.o
 .debug_macro   0x000000000000a59d      0x18c ./system/src/stm32f0-stdperiph/stm32f0xx_usart.o
 .debug_macro   0x000000000000a729      0x34d ./system/src/stm32f0-stdperiph/stm32f0xx_usart.o
 .debug_macro   0x000000000000aa76      0x11b ./system/src/newlib/_exit.o
 .debug_macro   0x000000000000ab91       0xa3 ./system/src/newlib/_exit.o
 .debug_macro   0x000000000000ac34      0x10e ./system/src/newlib/_exit.o
 .debug_macro   0x000000000000ad42       0x86 ./system/src/newlib/_exit.o
 .debug_macro   0x000000000000adc8       0x43 ./system/src/newlib/_exit.o
 .debug_macro   0x000000000000ae0b       0x10 ./system/src/newlib/_exit.o
 .debug_macro   0x000000000000ae1b       0x35 ./system/src/newlib/_exit.o
 .debug_macro   0x000000000000ae50       0xd1 ./system/src/newlib/_sbrk.o
 .debug_macro   0x000000000000af21       0x19 ./system/src/newlib/_sbrk.o
 .debug_macro   0x000000000000af3a      0x16d ./system/src/newlib/_sbrk.o
 .debug_macro   0x000000000000b0a7       0x10 ./system/src/newlib/_sbrk.o
 .debug_macro   0x000000000000b0b7      0x23b ./system/src/newlib/_sbrk.o
 .debug_macro   0x000000000000b2f2       0xe7 ./system/src/newlib/_startup.o
 .debug_macro   0x000000000000b3d9      0x169 ./system/src/newlib/_syscalls.o
 .debug_macro   0x000000000000b542       0x1c ./system/src/newlib/_syscalls.o
 .debug_macro   0x000000000000b55e       0x10 ./system/src/newlib/_syscalls.o
 .debug_macro   0x000000000000b56e       0x10 ./system/src/newlib/_syscalls.o
 .debug_macro   0x000000000000b57e       0x10 ./system/src/newlib/_syscalls.o
 .debug_macro   0x000000000000b58e       0x35 ./system/src/newlib/_syscalls.o
 .debug_macro   0x000000000000b5c3      0x120 ./system/src/newlib/_syscalls.o
 .debug_macro   0x000000000000b6e3       0x22 ./system/src/newlib/_syscalls.o
 .debug_macro   0x000000000000b705       0x2b ./system/src/newlib/_syscalls.o
 .debug_macro   0x000000000000b730      0x118 ./system/src/newlib/_syscalls.o
 .debug_macro   0x000000000000b848      0x13a ./system/src/newlib/_syscalls.o
 .debug_macro   0x000000000000b982       0x16 ./system/src/newlib/_syscalls.o
 .debug_macro   0x000000000000b998      0x137 ./system/src/newlib/assert.o
 .debug_macro   0x000000000000bacf       0x1c ./system/src/newlib/assert.o
 .debug_macro   0x000000000000baeb      0x20f ./system/src/newlib/assert.o
 .debug_macro   0x000000000000bcfa      0x15a ./system/src/diag/Trace.o
 .debug_macro   0x000000000000be54       0x16 ./system/src/diag/Trace.o
 .debug_macro   0x000000000000be6a       0x97 ./system/src/diag/Trace.o
 .debug_macro   0x000000000000bf01       0x10 ./system/src/diag/Trace.o
 .debug_macro   0x000000000000bf11       0xf6 ./system/src/diag/Trace.o
 .debug_macro   0x000000000000c007       0x16 ./system/src/diag/Trace.o
 .debug_macro   0x000000000000c01d      0x16c ./system/src/diag/Trace.o
 .debug_macro   0x000000000000c189       0x52 ./system/src/diag/Trace.o
 .debug_macro   0x000000000000c1db      0x283 ./system/src/diag/Trace.o
 .debug_macro   0x000000000000c45e       0x10 ./system/src/diag/Trace.o
 .debug_macro   0x000000000000c46e       0x1f ./system/src/diag/Trace.o
 .debug_macro   0x000000000000c48d      0x238 ./system/src/diag/trace_impl.o
 .debug_macro   0x000000000000c6c5       0x22 ./system/src/diag/trace_impl.o
 .debug_macro   0x000000000000c6e7      0x174 ./system/src/cortexm/_initialize_hardware.o
 .debug_macro   0x000000000000c85b       0x1b ./system/src/cortexm/exception_handlers.o
 .debug_macro   0x000000000000c876      0x16a ./system/src/cmsis/system_stm32f0xx.o
 .debug_macro   0x000000000000c9e0       0x1b ./system/src/cmsis/vectors_stm32f0xx.o
 .debug_macro   0x000000000000c9fb      0x147 ./src/OSC/OSCData.o
 .debug_macro   0x000000000000cb42       0x1c ./src/OSC/OSCData.o
 .debug_macro   0x000000000000cb5e       0x10 ./src/OSC/OSCData.o
 .debug_macro   0x000000000000cb6e      0x452 ./src/OSC/OSCData.o
 .debug_macro   0x000000000000cfc0      0x2ad ./src/OSC/OSCData.o
 .debug_macro   0x000000000000d26d       0xe5 ./src/OSC/OSCMatch.o
 .debug_macro   0x000000000000d352       0x16 ./src/OSC/OSCMatch.o
 .debug_macro   0x000000000000d368      0x16b ./src/OSC/OSCMessage.o
 .debug_macro   0x000000000000d4d3      0x182 ./src/OSC/SLIPEncodedSerial.o
 .debug_macro   0x000000000000d655      0x242 ./src/OSC/SLIPEncodedSerial.o
 .debug_macro   0x000000000000d897      0x179 ./src/BlinkLed.o
 .debug_macro   0x000000000000da10       0x28 ./src/BlinkLed.o
 .debug_macro   0x000000000000da38      0x18e ./src/Timer.o
 .debug_macro   0x000000000000dbc6      0x33f ./src/main.o
 .debug_macro   0x000000000000df05       0x97 ./src/main.o
 .debug_macro   0x000000000000df9c       0xfd ./src/main.o
 .debug_macro   0x000000000000e099       0x2e ./src/main.o
 .debug_macro   0x000000000000e0c7      0x183 ./src/uart.o
